// Jest Snapshot v1, https://goo.gl/fbAQLP

exports[`<CurrentWeatherIndicator/> on page load should render correctly with default properties 1`] = `
<WithTheme(Grow)
  in={false}
>
  <div
    className="current-weather-indicator-container"
  >
    <WithStyles(Typography)
      className="current-temperature"
      variant="display4"
    >
      15
    </WithStyles(Typography)>
    <WithStyles(Typography)
      className="weather-description"
      gutterBottom={true}
      variant="headline"
    >
      Sunny
    </WithStyles(Typography)>
  </div>
</WithTheme(Grow)>
`;
