// Jest Snapshot v1, https://goo.gl/fbAQLP

exports[`<WeatherForecastList/> on page load should render correctly 1`] = `
<WithStyles(Grid)
  className="weather-forecast-items-container"
  container={true}
>
  <WithStyles(Grid)
    item={true}
    key="0"
    xs={true}
  >
    <WeatherForecastItem
      forecastItem={
        DailyForecast {
          "dayOfWeek": "Sat",
          "high": 15,
          "low": 9,
          "text": "Sunny",
        }
      }
    />
  </WithStyles(Grid)>
</WithStyles(Grid)>
`;
