// Jest Snapshot v1, https://goo.gl/fbAQLP

exports[`<WeatherDetails/> on page load should render correctly 1`] = `
<WithTheme(Grow)
  in={false}
>
  <WithStyles(Grid)
    className="weather-details-item-container"
    container={true}
  >
    <WithStyles(Grid)
      item={true}
      xs={true}
    >
      <WithStyles(Typography)
        variant="subheading"
      >
        Humidity
      </WithStyles(Typography)>
      <WithStyles(Typography)
        className="humidity-value"
        variant="subheading"
      >
        50 %
      </WithStyles(Typography)>
    </WithStyles(Grid)>
    <WithStyles(Grid)
      item={true}
      xs={true}
    >
      <WithStyles(Typography)
        variant="subheading"
      >
        Wind
      </WithStyles(Typography)>
      <WithStyles(Typography)
        className="wind-speed-value"
        variant="subheading"
      >
        6 km/h
      </WithStyles(Typography)>
    </WithStyles(Grid)>
    <WithStyles(Grid)
      item={true}
      xs={true}
    >
      <WithStyles(Typography)
        variant="subheading"
      >
        UV Index
      </WithStyles(Typography)>
      <WithStyles(Typography)
        className="uv-index-value"
        variant="subheading"
      >
        5
      </WithStyles(Typography)>
    </WithStyles(Grid)>
  </WithStyles(Grid)>
</WithTheme(Grow)>
`;
