// Jest Snapshot v1, https://goo.gl/fbAQLP

exports[`<WeatherDetails/> on page load should render correctly 1`] = `
ShallowWrapper {
  "length": 1,
  Symbol(enzyme.__root__): [Circular],
  Symbol(enzyme.__unrendered__): <WeatherDetails
    currentHourlyForecast={
        HourlyForecast {
            "dateTime": undefined,
            "humidity": "50 %",
            "isDaylight": undefined,
            "location": undefined,
            "temperature": 15,
            "text": undefined,
            "uvIndex": 5,
            "windSpeed": "6 km/h",
          }
    }
    isLoading={true}
/>,
  Symbol(enzyme.__renderer__): Object {
    "batchedUpdates": [Function],
    "getNode": [Function],
    "render": [Function],
    "simulateEvent": [Function],
    "unmount": [Function],
  },
  Symbol(enzyme.__node__): Object {
    "instance": null,
    "key": undefined,
    "nodeType": "class",
    "props": Object {
      "children": <WithStyles(Grid)
        className="weather-details-item-container"
        container={true}
>
        <WithStyles(Grid)
                item={true}
                xs={true}
        >
                <WithStyles(Typography)
                        variant="subheading"
                >
                        Humidity
                </WithStyles(Typography)>
                <WithStyles(Typography)
                        className="humidity-value"
                        variant="subheading"
                >
                        50 %
                </WithStyles(Typography)>
        </WithStyles(Grid)>
        <WithStyles(Grid)
                item={true}
                xs={true}
        >
                <WithStyles(Typography)
                        variant="subheading"
                >
                        Wind
                </WithStyles(Typography)>
                <WithStyles(Typography)
                        className="wind-speed-value"
                        variant="subheading"
                >
                        6 km/h
                </WithStyles(Typography)>
        </WithStyles(Grid)>
        <WithStyles(Grid)
                item={true}
                xs={true}
        >
                <WithStyles(Typography)
                        variant="subheading"
                >
                        UV Index
                </WithStyles(Typography)>
                <WithStyles(Typography)
                        className="uv-index-value"
                        variant="subheading"
                >
                        5
                </WithStyles(Typography)>
        </WithStyles(Grid)>
</WithStyles(Grid)>,
      "in": false,
    },
    "ref": null,
    "rendered": Object {
      "instance": null,
      "key": undefined,
      "nodeType": "class",
      "props": Object {
        "children": Array [
          <WithStyles(Grid)
            item={true}
            xs={true}
>
            <WithStyles(Typography)
                        variant="subheading"
            >
                        Humidity
            </WithStyles(Typography)>
            <WithStyles(Typography)
                        className="humidity-value"
                        variant="subheading"
            >
                        50 %
            </WithStyles(Typography)>
</WithStyles(Grid)>,
          <WithStyles(Grid)
            item={true}
            xs={true}
>
            <WithStyles(Typography)
                        variant="subheading"
            >
                        Wind
            </WithStyles(Typography)>
            <WithStyles(Typography)
                        className="wind-speed-value"
                        variant="subheading"
            >
                        6 km/h
            </WithStyles(Typography)>
</WithStyles(Grid)>,
          <WithStyles(Grid)
            item={true}
            xs={true}
>
            <WithStyles(Typography)
                        variant="subheading"
            >
                        UV Index
            </WithStyles(Typography)>
            <WithStyles(Typography)
                        className="uv-index-value"
                        variant="subheading"
            >
                        5
            </WithStyles(Typography)>
</WithStyles(Grid)>,
        ],
        "className": "weather-details-item-container",
        "container": true,
      },
      "ref": null,
      "rendered": Array [
        Object {
          "instance": null,
          "key": undefined,
          "nodeType": "class",
          "props": Object {
            "children": Array [
              <WithStyles(Typography)
                variant="subheading"
>
                Humidity
</WithStyles(Typography)>,
              <WithStyles(Typography)
                className="humidity-value"
                variant="subheading"
>
                50 %
</WithStyles(Typography)>,
            ],
            "item": true,
            "xs": true,
          },
          "ref": null,
          "rendered": Array [
            Object {
              "instance": null,
              "key": undefined,
              "nodeType": "class",
              "props": Object {
                "children": "Humidity",
                "variant": "subheading",
              },
              "ref": null,
              "rendered": "Humidity",
              "type": [Function],
            },
            Object {
              "instance": null,
              "key": undefined,
              "nodeType": "class",
              "props": Object {
                "children": "50 %",
                "className": "humidity-value",
                "variant": "subheading",
              },
              "ref": null,
              "rendered": "50 %",
              "type": [Function],
            },
          ],
          "type": [Function],
        },
        Object {
          "instance": null,
          "key": undefined,
          "nodeType": "class",
          "props": Object {
            "children": Array [
              <WithStyles(Typography)
                variant="subheading"
>
                Wind
</WithStyles(Typography)>,
              <WithStyles(Typography)
                className="wind-speed-value"
                variant="subheading"
>
                6 km/h
</WithStyles(Typography)>,
            ],
            "item": true,
            "xs": true,
          },
          "ref": null,
          "rendered": Array [
            Object {
              "instance": null,
              "key": undefined,
              "nodeType": "class",
              "props": Object {
                "children": "Wind",
                "variant": "subheading",
              },
              "ref": null,
              "rendered": "Wind",
              "type": [Function],
            },
            Object {
              "instance": null,
              "key": undefined,
              "nodeType": "class",
              "props": Object {
                "children": "6 km/h",
                "className": "wind-speed-value",
                "variant": "subheading",
              },
              "ref": null,
              "rendered": "6 km/h",
              "type": [Function],
            },
          ],
          "type": [Function],
        },
        Object {
          "instance": null,
          "key": undefined,
          "nodeType": "class",
          "props": Object {
            "children": Array [
              <WithStyles(Typography)
                variant="subheading"
>
                UV Index
</WithStyles(Typography)>,
              <WithStyles(Typography)
                className="uv-index-value"
                variant="subheading"
>
                5
</WithStyles(Typography)>,
            ],
            "item": true,
            "xs": true,
          },
          "ref": null,
          "rendered": Array [
            Object {
              "instance": null,
              "key": undefined,
              "nodeType": "class",
              "props": Object {
                "children": "UV Index",
                "variant": "subheading",
              },
              "ref": null,
              "rendered": "UV Index",
              "type": [Function],
            },
            Object {
              "instance": null,
              "key": undefined,
              "nodeType": "class",
              "props": Object {
                "children": 5,
                "className": "uv-index-value",
                "variant": "subheading",
              },
              "ref": null,
              "rendered": 5,
              "type": [Function],
            },
          ],
          "type": [Function],
        },
      ],
      "type": [Function],
    },
    "type": [Function],
  },
  Symbol(enzyme.__nodes__): Array [
    Object {
      "instance": null,
      "key": undefined,
      "nodeType": "class",
      "props": Object {
        "children": <WithStyles(Grid)
          className="weather-details-item-container"
          container={true}
>
          <WithStyles(Grid)
                    item={true}
                    xs={true}
          >
                    <WithStyles(Typography)
                              variant="subheading"
                    >
                              Humidity
                    </WithStyles(Typography)>
                    <WithStyles(Typography)
                              className="humidity-value"
                              variant="subheading"
                    >
                              50 %
                    </WithStyles(Typography)>
          </WithStyles(Grid)>
          <WithStyles(Grid)
                    item={true}
                    xs={true}
          >
                    <WithStyles(Typography)
                              variant="subheading"
                    >
                              Wind
                    </WithStyles(Typography)>
                    <WithStyles(Typography)
                              className="wind-speed-value"
                              variant="subheading"
                    >
                              6 km/h
                    </WithStyles(Typography)>
          </WithStyles(Grid)>
          <WithStyles(Grid)
                    item={true}
                    xs={true}
          >
                    <WithStyles(Typography)
                              variant="subheading"
                    >
                              UV Index
                    </WithStyles(Typography)>
                    <WithStyles(Typography)
                              className="uv-index-value"
                              variant="subheading"
                    >
                              5
                    </WithStyles(Typography)>
          </WithStyles(Grid)>
</WithStyles(Grid)>,
        "in": false,
      },
      "ref": null,
      "rendered": Object {
        "instance": null,
        "key": undefined,
        "nodeType": "class",
        "props": Object {
          "children": Array [
            <WithStyles(Grid)
              item={true}
              xs={true}
>
              <WithStyles(Typography)
                            variant="subheading"
              >
                            Humidity
              </WithStyles(Typography)>
              <WithStyles(Typography)
                            className="humidity-value"
                            variant="subheading"
              >
                            50 %
              </WithStyles(Typography)>
</WithStyles(Grid)>,
            <WithStyles(Grid)
              item={true}
              xs={true}
>
              <WithStyles(Typography)
                            variant="subheading"
              >
                            Wind
              </WithStyles(Typography)>
              <WithStyles(Typography)
                            className="wind-speed-value"
                            variant="subheading"
              >
                            6 km/h
              </WithStyles(Typography)>
</WithStyles(Grid)>,
            <WithStyles(Grid)
              item={true}
              xs={true}
>
              <WithStyles(Typography)
                            variant="subheading"
              >
                            UV Index
              </WithStyles(Typography)>
              <WithStyles(Typography)
                            className="uv-index-value"
                            variant="subheading"
              >
                            5
              </WithStyles(Typography)>
</WithStyles(Grid)>,
          ],
          "className": "weather-details-item-container",
          "container": true,
        },
        "ref": null,
        "rendered": Array [
          Object {
            "instance": null,
            "key": undefined,
            "nodeType": "class",
            "props": Object {
              "children": Array [
                <WithStyles(Typography)
                  variant="subheading"
>
                  Humidity
</WithStyles(Typography)>,
                <WithStyles(Typography)
                  className="humidity-value"
                  variant="subheading"
>
                  50 %
</WithStyles(Typography)>,
              ],
              "item": true,
              "xs": true,
            },
            "ref": null,
            "rendered": Array [
              Object {
                "instance": null,
                "key": undefined,
                "nodeType": "class",
                "props": Object {
                  "children": "Humidity",
                  "variant": "subheading",
                },
                "ref": null,
                "rendered": "Humidity",
                "type": [Function],
              },
              Object {
                "instance": null,
                "key": undefined,
                "nodeType": "class",
                "props": Object {
                  "children": "50 %",
                  "className": "humidity-value",
                  "variant": "subheading",
                },
                "ref": null,
                "rendered": "50 %",
                "type": [Function],
              },
            ],
            "type": [Function],
          },
          Object {
            "instance": null,
            "key": undefined,
            "nodeType": "class",
            "props": Object {
              "children": Array [
                <WithStyles(Typography)
                  variant="subheading"
>
                  Wind
</WithStyles(Typography)>,
                <WithStyles(Typography)
                  className="wind-speed-value"
                  variant="subheading"
>
                  6 km/h
</WithStyles(Typography)>,
              ],
              "item": true,
              "xs": true,
            },
            "ref": null,
            "rendered": Array [
              Object {
                "instance": null,
                "key": undefined,
                "nodeType": "class",
                "props": Object {
                  "children": "Wind",
                  "variant": "subheading",
                },
                "ref": null,
                "rendered": "Wind",
                "type": [Function],
              },
              Object {
                "instance": null,
                "key": undefined,
                "nodeType": "class",
                "props": Object {
                  "children": "6 km/h",
                  "className": "wind-speed-value",
                  "variant": "subheading",
                },
                "ref": null,
                "rendered": "6 km/h",
                "type": [Function],
              },
            ],
            "type": [Function],
          },
          Object {
            "instance": null,
            "key": undefined,
            "nodeType": "class",
            "props": Object {
              "children": Array [
                <WithStyles(Typography)
                  variant="subheading"
>
                  UV Index
</WithStyles(Typography)>,
                <WithStyles(Typography)
                  className="uv-index-value"
                  variant="subheading"
>
                  5
</WithStyles(Typography)>,
              ],
              "item": true,
              "xs": true,
            },
            "ref": null,
            "rendered": Array [
              Object {
                "instance": null,
                "key": undefined,
                "nodeType": "class",
                "props": Object {
                  "children": "UV Index",
                  "variant": "subheading",
                },
                "ref": null,
                "rendered": "UV Index",
                "type": [Function],
              },
              Object {
                "instance": null,
                "key": undefined,
                "nodeType": "class",
                "props": Object {
                  "children": 5,
                  "className": "uv-index-value",
                  "variant": "subheading",
                },
                "ref": null,
                "rendered": 5,
                "type": [Function],
              },
            ],
            "type": [Function],
          },
        ],
        "type": [Function],
      },
      "type": [Function],
    },
  ],
  Symbol(enzyme.__options__): Object {
    "adapter": ReactSixteenAdapter {
      "options": Object {
        "enableComponentDidUpdateOnSetState": true,
      },
    },
  },
}
`;
