// Jest Snapshot v1, https://goo.gl/fbAQLP

exports[`WeatherPage on load should render correctly 1`] = `
<div
  className="weather-body"
>
  <ReactPullToRefresh
    onRefresh={[Function]}
  >
    <div
      className=""
    >
      <WithStyles(LocationSearch)
        currentLocation={
          Location {
            "city": "city",
            "country": "country",
            "key": "key",
            "region": "region",
          }
        }
        onLocationSelected={[Function]}
      />
      <CurrentWeatherIndicator
        isLoading={false}
      />
      <WeatherDetails
        isLoading={false}
      />
      <WeatherChart
        hourlyForecasts={Array []}
        isLoading={false}
      />
      <WeatherForecastList
        isLoading={false}
        weatherForecasts={Array []}
      />
    </div>
  </ReactPullToRefresh>
</div>
`;
