// Jest Snapshot v1, https://goo.gl/fbAQLP

exports[`<WeatherChart/> on page load should render correctly 1`] = `
<WithTheme(Grow)
  in={false}
>
  <div
    className="weather-chart"
  >
    <Component
      highcharts={[Function]}
      options={
        Object {
          "chart": Object {
            "backgroundColor": null,
            "height": "180px",
          },
          "plotOptions": Object {
            "series": Object {
              "marker": Object {
                "enabled": false,
              },
              "showInLegend": false,
            },
          },
          "responsive": Object {
            "rules": Array [
              Object {
                "condition": Object {
                  "maxHeight": 1,
                },
              },
            ],
          },
          "series": Array [
            Object {
              "color": "#fff",
              "data": Array [
                15,
              ],
              "type": "spline",
            },
          ],
          "title": Object {
            "text": null,
          },
          "tooltip": Object {
            "enabled": false,
          },
          "xAxis": Object {
            "visible": false,
          },
          "yAxis": Object {
            "visible": false,
          },
        }
      }
    />
  </div>
</WithTheme(Grow)>
`;
