// Jest Snapshot v1, https://goo.gl/fbAQLP

exports[`<LocationSearch/> on page load should render correctly 1`] = `
<Async
  autoload={true}
  cache={Object {}}
  className="async-select"
  ignoreAccents={true}
  ignoreCase={true}
  loadOptions={[Function]}
  loadingPlaceholder="Loading..."
  name="location"
  onChange={[Function]}
  options={Array []}
  searchPromptText="Type to search"
  value={
    Object {
      "label": "San Francisco, USA",
      "value": "123",
    }
  }
  valueComponent={[Function]}
/>
`;
