// Jest Snapshot v1, https://goo.gl/fbAQLP

exports[`<SearchValue/> on page load should render correctly 1`] = `
<div
  className="Select-value async-select-value"
>
  <span
    className="Select-value-label"
  >
    <WithStyles(Typography)
      gutterBottom={true}
      variant="headline"
    >
      myLabel
    </WithStyles(Typography)>
    <div
      className="child-div"
    >
      Child Div
    </div>
  </span>
</div>
`;
