// Jest Snapshot v1, https://goo.gl/fbAQLP

exports[`<WeatherForecastItem/> on page load should render correctly 1`] = `
<div>
  <WithStyles(Typography)
    variant="headline"
  >
    <div
      className="mock-icon"
    >
      mock icon
    </div>
  </WithStyles(Typography)>
  <WithStyles(Typography)
    variant="subheading"
  >
    15
  </WithStyles(Typography)>
  <WithStyles(Typography)
    className="forecast-low"
    variant="subheading"
  >
    9
  </WithStyles(Typography)>
  <WithStyles(Typography)
    variant="subheading"
  >
    Mon
  </WithStyles(Typography)>
</div>
`;
